18:37:07 **** Incremental Build of configuration Debug for project Test_1 ****
make -j8 all 
arm-none-eabi-gcc "../Core/Src/main.c" -mcpu=cortex-m3 -std=gnu11 -g3 -DUSE_HAL_DRIVER -DSTM32F103xB -DDEBUG -c -I../Core/Inc -I../Drivers/STM32F1xx_HAL_Driver/Inc -I../Drivers/STM32F1xx_HAL_Driver/Inc/Legacy -I../Drivers/CMSIS/Device/ST/STM32F1xx/Include -I../Drivers/CMSIS/Include -O0 -ffunction-sections -fdata-sections -Wall -fstack-usage -MMD -MP -MF"Core/Src/main.d" -MT"Core/Src/main.o" --specs=nano.specs -mfloat-abi=soft -mthumb -o "Core/Src/main.o"
arm-none-eabi-gcc -o "Test_1.elf" @"objects.list"   -mcpu=cortex-m3 -T"/home/ark/st/HAL_F1/Test_1/STM32F103C8TX_FLASH.ld" --specs=nosys.specs -Wl,-Map="Test_1.map" -Wl,--gc-sections -static --specs=nano.specs -mfloat-abi=soft -mthumb -Wl,--start-group -lc -lm -Wl,--end-group
Finished building target: Test_1.elf
 
arm-none-eabi-objdump -h -S  Test_1.elf  > "Test_1.list"
arm-none-eabi-objcopy  -O binary  Test_1.elf  "Test_1.bin"
arm-none-eabi-size   Test_1.elf 
   text	   data	    bss	    dec	    hex	filename
   2252	     20	   1572	   3844	    f04	Test_1.elf
Finished building: default.size.stdout
 
Finished building: Test_1.bin
 
Finished building: Test_1.list
 

18:37:08 Build Finished. 0 errors, 0 warnings. (took 875ms)

